// Jest Snapshot v1, https://goo.gl/fbAQLP

exports[`Nav component renders Nav component 1`] = `
<div>
  <div
    class="container mx-auto max-w-4xl p-1 md:p-10"
  >
    <header
      class="flex justify-between flex-col md:flex-row items-center mb-6"
    >
      <a
        class="font-extrabold text-2xl hover:text-white mb-2"
        href="/"
      >
        <span
          class="text-pink-600 "
        >
          &gt;&gt;
        </span>
         Robert Lönnqvist
      </a>
      <nav
        class="flex justify-around space-x-2 items-center mb-2"
      >
        <a
          class="font-medium block px-4 py-2 hover:text-white hover:bg-gray-500 rounded-lg "
          href="/"
        >
          About
        </a>
        <a
          class="font-medium block px-4 py-2 hover:text-white hover:bg-gray-500 rounded-lg "
          href="/cv"
        >
          CV
        </a>
        <a
          class="font-medium block px-4 py-2 hover:text-white hover:bg-gray-500 rounded-lg"
          href="https://github.com/robertlonnqvist"
        >
          Code
        </a>
        <a
          class="font-medium block px-4 py-2 hover:text-white hover:bg-gray-500 rounded-lg"
          href="https://www.linkedin.com/in/robertlonnqvist"
        >
          Contact
        </a>
      </nav>
    </header>
    <h1
      class="text-2xl text-green-400 font-bold mb-3"
    >
      testheadline
    </h1>
  </div>
</div>
`;
