// Jest Snapshot v1, https://goo.gl/fbAQLP

exports[`renders Nav component 1`] = `
<div>
  <div
    class="flex justify-between items-center px-4 py-2 bg-black rounded-t-lg"
  >
    <div
      class="flex justify-start space-x-2"
    >
      <div
        class="w-3 h-3 bg-red-500 rounded-full"
      />
      <div
        class="w-3 h-3 bg-yellow-400 rounded-full"
      />
      <div
        class="w-3 h-3 bg-green-400 rounded-full"
      />
    </div>
    <div
      class="text-center flex-grow"
    >
      test
    </div>
  </div>
</div>
`;
